// Jest Snapshot v1, https://goo.gl/fbAQLP

exports[`renders correctly 1`] = `
<View
  style={
    Object {
      "alignItems": "center",
      "backgroundColor": "#1E88E5",
      "flex": 1,
      "height": 3000,
      "justifyContent": "center",
      "paddingLeft": 15,
      "paddingRight": 15,
      "width": "100%",
    }
  }
>
  <View
    style={
      Object {
        "alignItems": "center",
        "justifyContent": "space-around",
        "marginTop": 200,
        "width": "100%",
      }
    }
  >
    <Text
      style={
        Object {
          "color": "#fff",
          "fontSize": 30,
          "fontWeight": "bold",
        }
      }
    >
      You need a vacation!
    </Text>
    <Text
      style={
        Object {
          "color": "#fff",
          "fontSize": 30,
          "fontWeight": "bold",
        }
      }
    >
      Hit + to add a trip!
    </Text>
  </View>
  <RCTScrollView
    showsVerticalScrollIndicator={false}
    style={
      Object {
        "width": "95%",
      }
    }
  >
    <View />
  </RCTScrollView>
  <View
    accessible={true}
    focusable={true}
    isTVSelectable={true}
    onClick={[Function]}
    onResponderGrant={[Function]}
    onResponderMove={[Function]}
    onResponderRelease={[Function]}
    onResponderTerminate={[Function]}
    onResponderTerminationRequest={[Function]}
    onStartShouldSetResponder={[Function]}
    style={
      Object {
        "alignItems": "center",
        "bottom": 50,
        "height": 100,
        "justifyContent": "center",
        "opacity": 1,
        "position": "absolute",
        "right": 100,
        "width": 10,
      }
    }
  >
    <View
      style={
        Object {
          "padding": 100,
        }
      }
    >
      <Image
        accessibilityLabel="Add Trip"
        source={
          Object {
            "uri": "https://freeiconshop.com/wp-content/uploads/edd/plus-flat.png",
          }
        }
        style={
          Object {
            "height": 80,
            "shadowColor": "#0D47A1",
            "shadowOffset": Object {
              "height": 1,
              "width": 1,
            },
            "shadowOpacity": 0.5,
            "shadowRadius": 0.5,
            "width": 80,
          }
        }
      />
    </View>
  </View>
</View>
`;
