// Jest Snapshot v1, https://goo.gl/fbAQLP

exports[`renders correctly 1`] = `
<View
  style={
    Object {
      "backgroundColor": "#1E88E5",
      "flex": 1,
      "height": 3000,
      "justifyContent": "center",
      "paddingLeft": 15,
      "paddingRight": 15,
      "width": "100%",
    }
  }
>
  <RCTScrollView>
    <View />
  </RCTScrollView>
  <View
    accessible={true}
    focusable={true}
    isTVSelectable={true}
    onClick={[Function]}
    onResponderGrant={[Function]}
    onResponderMove={[Function]}
    onResponderRelease={[Function]}
    onResponderTerminate={[Function]}
    onResponderTerminationRequest={[Function]}
    onStartShouldSetResponder={[Function]}
    style={
      Object {
        "alignItems": "center",
        "bottom": 50,
        "height": 100,
        "justifyContent": "center",
        "opacity": 1,
        "position": "absolute",
        "right": 100,
        "width": 10,
      }
    }
  >
    <View
      style={
        Object {
          "padding": 100,
        }
      }
    >
      <Image
        accessibilityLabel="Add Trip"
        source={1}
        style={
          Object {
            "height": 80,
            "shadowColor": "#0D47A1",
            "shadowOffset": Object {
              "height": 1,
              "width": 1,
            },
            "shadowOpacity": 0.5,
            "shadowRadius": 0.5,
            "width": 80,
          }
        }
      />
    </View>
  </View>
</View>
`;
